exports[`AccordionItem component Should match snapshot 1`] = `
<div
  className="Accordion-item">
  <div
    className="Accordion-item-tab Accordion-item-tab-disabled"
    onClick={null}>
    <div
      className="Accordion-item-tab-label">
      <div
        className="Accordion-item-tab-icon-container">
        <span
          className="Accordion-item-tab-icon entypo-publish" />
      </div>
      <div
        className="Accordion-item-tab-label-container">
        <div
          className="Accordion-item-tab-label-title">
          Tenrox-R1_1235
        </div>
      </div>
    </div>
    <div
      className="Accordion-item-tab-status">
      <span
        className="Accordion-item-tab-status-icon-pending entypo-arrows-ccw" />
    </div>
  </div>
  <div
    className="Accordion-item-description ">
    <div
      className="Accordion-item-description-card">
      <div
        className="Accordion-item-description-card-header">
        <h1>
          Unit Test
        </h1>
      </div>
      <div
        className="Pie-chart-psuedo-container Pie-chart-psuedo-container-green"
        data-pie="93%">
        <svg
          className="Pie-chart-container"
          height="72"
          width="72">
          <circle
            className="Pie-chart"
            cx="36"
            cy="36"
            r="34"
            strokeDasharray="14, 211" />
        </svg>
        <p
          className="Pie-chart-label">
          Tests passed
        </p>
      </div>
      <div
        className="Accordion-item-description-card-metric-row">
        <span
          className="Accordion-item-description-card-metric-progress-bar-icon entypo-network" />
        <div
          className="Accordion-item-description-card-metric-progress-bar">
          <span
            className="Accordion-item-description-card-metric-progress-bar-meter Accordion-item-description-card-metric-progress-bar-meter-green"
            data-label="code covered"
            style={
              Object {
                "width": "76%"
              }
            } />
        </div>
      </div>
    </div>
    <div
      className="Accordion-item-description-card">
      <div
        className="Accordion-item-description-card-header">
        <h1>
          Functional Test
        </h1>
      </div>
      <div
        className="Pie-chart-psuedo-container Pie-chart-psuedo-container-green"
        data-pie="93%">
        <svg
          className="Pie-chart-container"
          height="72"
          width="72">
          <circle
            className="Pie-chart"
            cx="36"
            cy="36"
            r="34"
            strokeDasharray="14, 211" />
        </svg>
        <p
          className="Pie-chart-label">
          Tests passed
        </p>
      </div>
      <div
        className="Accordion-item-description-card-metric-row">
        <span
          className="Accordion-item-description-card-metric-progress-bar-icon entypo-network" />
        <div
          className="Accordion-item-description-card-metric-progress-bar">
          <span
            className="Accordion-item-description-card-metric-progress-bar-meter Accordion-item-description-card-metric-progress-bar-meter-green"
            data-label="code covered"
            style={
              Object {
                "width": "76%"
              }
            } />
        </div>
      </div>
    </div>
  </div>
</div>
`;
